// Jest Snapshot v1, https://goo.gl/fbAQLP

exports[`CurrentLoans renders correctly to snapshot 1`] = `
Array [
  <div
    className="heading"
  >
    Current Loans
  </div>,
  <div
    className="loans-container"
  />,
  <div
    className="amount-container"
  >
    Total amount available for investments:
    <b
      className="total-amount"
    >
      £0
    </b>
  </div>,
]
`;
